../Core/Src/main.c:124:6:CAN_Filter_Config	48	static
../Core/Src/main.c:147:6:RequestSpeed	48	static
../Core/Src/main.c:166:6:ProcessSpeedMessage	88	static
../Core/Src/main.c:186:6:HAL_CAN_RxFifo0MsgPendingCallback	16	static
../Core/Src/main.c:195:6:DAC_Write	40	static
../Core/Src/main.c:216:6:TestDAC	8	static
../Core/Src/main.c:225:7:ReadPedalPercent	88	static
../Core/Src/main.c:248:10:PercentToDACValue	64	static
../Core/Src/main.c:266:6:AttenuationFunction	96	static
../Core/Src/main.c:309:6:UART_SendString	16	static
../Core/Src/main.c:320:5:main	8	static
../Core/Src/main.c:398:6:SystemClock_Config	88	static
../Core/Src/main.c:444:13:MX_ADC1_Init	24	static
../Core/Src/main.c:505:13:MX_CAN1_Init	8	static
../Core/Src/main.c:542:13:MX_SPI1_Init	8	static
../Core/Src/main.c:580:13:MX_USART1_UART_Init	8	static
../Core/Src/main.c:611:13:MX_DMA_Init	16	static
../Core/Src/main.c:629:13:MX_GPIO_Init	40	static
../Core/Src/main.c:674:6:Error_Handler	4	static,ignoring_inline_asm
