../Core/Src/main.c:121:6:CAN_Filter_Config	48	static
../Core/Src/main.c:144:6:RequestSpeed	48	static
../Core/Src/main.c:163:6:ProcessSpeedMessage	88	static
../Core/Src/main.c:183:6:HAL_CAN_RxFifo0MsgPendingCallback	16	static
../Core/Src/main.c:192:6:DAC_Write	32	static
../Core/Src/main.c:213:7:ReadPedalPercent	72	static
../Core/Src/main.c:235:10:PercentToDACValue	64	static
../Core/Src/main.c:253:6:AttenuationFunction	40	static
../Core/Src/main.c:286:6:UART_SendString	16	static
../Core/Src/main.c:297:5:main	8	static
../Core/Src/main.c:374:6:SystemClock_Config	88	static
../Core/Src/main.c:420:13:MX_ADC1_Init	24	static
../Core/Src/main.c:481:13:MX_CAN1_Init	8	static
../Core/Src/main.c:518:13:MX_SPI1_Init	8	static
../Core/Src/main.c:556:13:MX_USART1_UART_Init	8	static
../Core/Src/main.c:587:13:MX_DMA_Init	16	static
../Core/Src/main.c:605:13:MX_GPIO_Init	40	static
../Core/Src/main.c:650:6:Error_Handler	4	static,ignoring_inline_asm
